// Jest Snapshot v1, https://goo.gl/fbAQLP

exports[`Card component should render its title with children 1`] = `false`;
